PokerStars Hand #15329534465:  Hold'em No Limit ($5000/$5000) - 2025/02/05 21:48:47 KST
Table 'Table 1' 9-max Seat #6 is the button
Seat 1: abkhgxmtc8 ($1536290 in chips)
Seat 2: sdfmsjkdms4 ($1159420 in chips)
Seat 3: mfgipsdyes ($781820 in chips)
Seat 4: dfgrdfgdc ($647180 in chips)
Seat 5: Koijhhbvhbfghhh ($500000 in chips)
Seat 6: HYEMIll ($571865 in chips)
Seat 7: juhyg ($2555114 in chips)
Seat 8: id382906aa ($417952 in chips)
abkhgxmtc8: posts the ante $5000
sdfmsjkdms4: posts the ante $5000
mfgipsdyes: posts the ante $5000
dfgrdfgdc: posts the ante $5000
Koijhhbvhbfghhh: posts the ante $5000
HYEMIll: posts the ante $5000
juhyg: posts the ante $5000
id382906aa: posts the ante $5000
id382906aa: posts small blind $5000
Koijhhbvhbfghhh: posts big blind $5000
*** HOLE CARDS ***
abkhgxmtc8: calls $5000
sdfmsjkdms4: folds
mfgipsdyes: calls $5000
dfgrdfgdc: folds
Koijhhbvhbfghhh: checks
HYEMIll: calls $5000
juhyg: calls $5000
id382906aa: checks
*** FLOP *** [6c Ah 6s]
id382906aa: checks
abkhgxmtc8: checks
mfgipsdyes: checks
Koijhhbvhbfghhh: checks
HYEMIll: checks
juhyg: checks
*** TURN *** [6c Ah 6s] [Ac]
id382906aa: checks
abkhgxmtc8: checks
mfgipsdyes: checks
Koijhhbvhbfghhh: checks
HYEMIll: checks
juhyg: checks
*** RIVER *** [6c Ah 6s] [Ac] [9d]
id382906aa: checks
abkhgxmtc8: bets $20000
mfgipsdyes: folds
Koijhhbvhbfghhh: folds
HYEMIll: folds
juhyg: calls $20000
id382906aa: folds
abkhgxmtc8 collected $113640 from pot
*** SUMMARY ***
Total pot $120000 | Rake $6360
Board [6c Ah 6s Ac 9d]
Seat 1: abkhgxmtc8 showed [As 5s] and won ($113640)
Seat 2: sdfmsjkdms4 mucked [Ks 2c]
Seat 3: mfgipsdyes mucked [Qs Jc]
Seat 4: dfgrdfgdc mucked [Jh 3s]
Seat 5: Koijhhbvhbfghhh mucked [Jd 2d]
Seat 6: HYEMIll mucked [8d 5d]
Seat 7: juhyg showed [Qh 9s] and lost
Seat 8: id382906aa mucked [8s 3c]