PokerStars Hand #15286756675:  Hold'em No Limit ($1000/$1000) - 2024/11/30 13:34:46 KST
Table 'Table 1' 9-max Seat #7 is the button
Seat 1: tblnj ($164774 in chips)
Seat 2: rjrhrhh5 ($85000 in chips)
Seat 3: fgyhnmr3 ($256674 in chips)
Seat 4: htytff ($170039 in chips)
Seat 5: vcbbvasddas ($964716 in chips)
Seat 6: hjagjhgdj ($369491 in chips)
Seat 7: 315fasff ($326274 in chips)
Seat 8: kollosart ($153967 in chips)
Seat 9: drsfbnuserfyb ($366080 in chips)
tblnj: posts the ante $1000
rjrhrhh5: posts the ante $1000
fgyhnmr3: posts the ante $1000
htytff: posts the ante $1000
vcbbvasddas: posts the ante $1000
hjagjhgdj: posts the ante $1000
315fasff: posts the ante $1000
kollosart: posts the ante $1000
drsfbnuserfyb: posts the ante $1000
kollosart: posts small blind $1000
drsfbnuserfyb: posts big blind $1000
*** HOLE CARDS ***
tblnj: folds
rjrhrhh5: calls $1000
fgyhnmr3: calls $1000
htytff: folds
vcbbvasddas: calls $1000
hjagjhgdj: calls $1000
315fasff: calls $1000
kollosart: checks
drsfbnuserfyb: checks
*** FLOP *** [7h 2c 7c]
kollosart: checks
drsfbnuserfyb: checks
rjrhrhh5: checks
fgyhnmr3: checks
vcbbvasddas: checks
hjagjhgdj: checks
315fasff: checks
*** TURN *** [7h 2c 7c] [3d]
kollosart: checks
drsfbnuserfyb: folds
rjrhrhh5: bets $8000
fgyhnmr3: folds
vcbbvasddas: folds
hjagjhgdj: calls $8000
315fasff: folds
kollosart: calls $8000
*** RIVER *** [7h 2c 7c] [3d] [7d]
kollosart: checks
rjrhrhh5: folds
hjagjhgdj: checks
hjagjhgdj collected $37880 from pot
*** SUMMARY ***
Total pot $40000 | Rake $2120
Board [7h 2c 7c 3d 7d]
Seat 1: tblnj mucked [9d 4s]
Seat 2: rjrhrhh5 mucked [Ah Qd]
Seat 3: fgyhnmr3 mucked [Js Td]
Seat 4: htytff mucked [Kc 2s]
Seat 5: vcbbvasddas mucked [Ts 8c]
Seat 6: hjagjhgdj showed [6d 6c] and won ($37880)
Seat 7: 315fasff mucked [Ks 4h]
Seat 8: kollosart showed [5h 2d] and lost
Seat 9: drsfbnuserfyb mucked [Jh 8h]